⚠ No build cache found. Please configure build caching for faster rebuilds. Read more: https://nextjs.org/docs/messages/no-cache
▲ Next.js 16.2.12 (Turbopack)

  Creating an optimized production build ...
✓ Compiled successfully in 6.0s
  Running TypeScript ...
  Finished TypeScript in 4.1s ...
  Collecting page data using 9 workers ...
  Generating static pages using 9 workers (0/24) ...
  Generating static pages using 9 workers (6/24) 
  Generating static pages using 9 workers (12/24) 
  Generating static pages using 9 workers (18/24) 
✓ Generating static pages using 9 workers (24/24) in 350ms
  Finalizing page optimization ...

Route (app)
┌ ○ /
├ ○ /_not-found
├ ○ /apple-icon.png
├ ○ /auth/callback
├ ○ /avatar-playground
├ ○ /design-check
├ ○ /dev/call-stage
├ ○ /discover
├ ○ /encounter
├ ○ /friends
├ ○ /home
├ ○ /icon.png
├ ○ /icon.svg
├ ƒ /join/[code]
├ ○ /lobby
├ ○ /match
├ ○ /matchmaking
├ ○ /premium
├ ○ /privacy
├ ○ /profile
├ ○ /safety
├ ○ /signin
├ ○ /support
└ ○ /terms


○  (Static)   prerendered as static content
ƒ  (Dynamic)  server-rendered on demand

